ABEND
ABENDs
ACK
ADVENT
ADVENTs
AFJ
AFJes
AFK
AIDX
AIDXes
ARMM
ARMMs
AUP
Acme
Acmes
Angband
Angbands
BAD
BCPL
BCPLs
BFI
BFIs
BI
BLOB
BLOBBed
BLOBBing
BLOBs
BNF
BNFs
BOF
BOFH
BOFHs
BOFs
BQS
BRS
BRSes
BSOD
BUAF
BUAFs
BUAG
BUAGs
BWQ
BWQs
Befunge
Befunges
Berzerkeley
Berzerkeleys
BiCapitalization
BiCapitalizations
BogoMIPS
BrokenWindows
BrokenWindowses
CDA
CHOP
CHOPs
CLM
CLMs
CTSS
CTSSes
CrApTeX
CrApTeXes
DAU
DAUs
DEADBEEF
DEADBEEFs
DED
DEDs
DPB
DPBed
DPBing
DPBs
DPer
DPers
DRECNET
DRECNETs
DWIM
DWIMs
Discordianism
Discordianisms
EBCDIC
EBCDICs
ECP
ECPs
EMACS
EMACSed
EMACSes
EMACSing
EMP
ENQ
EOF
EOFs
EOL
EOLs
EOU
EOUs
EXCH
EXCHed
EXCHes
EXCHing
EXE
EXEs
Exon
Exploder
Exploders
FAQL
FAQLs
FITNR
FIXME
FIXMEs
FIXMed
FIXMing
FOAF
FOAFs
FOD
FODDed
FODDing
FODs
FRS
FRSes
FSF
FTP
FTPed
FTPing
FTPs
FUBAR
FUBARs
FidoNet
FidoNets
Foonlies
Foonly
Fortrash
Fortrashes
GC
GCOS
GCOSes
GCed
GCing
GCs
GECOS
GECOSes
GFR
GFRed
GFRing
GFRs
GIPS
GIPSes
GNU
GNUMACS
GNUMACSes
GOSMACS
GOSMACSes
GPL
GPLs
GPV
GPVs
GoAT
Godzillagram
Godzillagrams
Gosperism
Gosperisms
HAKMEM
HAKMEMs
HAND
HCF
HCFs
HHOK
HHOS
HLL
HLLs
HTH
Hackintosh
Hackintoshes
IANAL
IDP
IDPed
IDPing
IDPs
IIRC
INTERCAL
INTERCALs
IRC
IRCs
ISP
ITS
ITSes
IWBNI
IYFEG
Infocom
Infocoms
JCL
JCLs
JEDR
JEDRs
KIBO
KIPS
KIPSes
LART
LARTed
LARTing
LARTs
LDB
LDBed
LDBing
LDBs
LER
LERP
LERPed
LERPing
LERPs
LERs
LISP
LISPs
LPT
LPTs
Lintel
Lintels
MFTL
MFTLs
MMF
MOTAS
MOTASes
MOTOS
MOTOSes
MOTSS
MOTSSes
MUD
MUDDed
MUDDing
MUDs
Macintoy
Macintoys
Macintrash
Macintrashes
Matrix
Matrixes
MicroDroid
MicroDroids
Moof
Mooffed
Mooffing
Moofs
NAK
NANA
NIL
NMI
NMIs
NSP
NSPs
NetBOLLIX
NetBOLLIXes
Netscrape
Netscrapes
OSS
OSU
OSUs
PBD
PBDs
PDL
PDLed
PDLing
PDLs
PEBKAC
PETSCII
PETSCIIs
PFY
PFYs
PHB
POM
POMs
POPJ
POPJes
PPN
PPNs
PostScript
PostScripts
RBL
RE
RETI
RETIed
RETIing
RETIs
REs
RFE
RFEs
RL
RLs
RSN
RTBM
RTBMed
RTBMing
RTBMs
RTFAQ
RTFAQQed
RTFAQQing
RTFAQs
RTFB
RTFBed
RTFBing
RTFBs
RTFS
RTFSed
RTFSes
RTFSing
RTI
RTM
RTS
RTSed
RTSes
RTSing
SAIL
SAILs
SCSI
SCSIs
SED
SEDs
SEX
SEXes
SIG
SIGs
SMOP
SMOPs
SPACEWAR
SPACEWARs
STFW
STFWed
STFWing
STFWs
ScumOS
ScumOSes
Slowlaris
Slowlarises
Stupids
Stupidses
SysVile
SysViles
TANSTAAFL
TCB
TCBs
TECO
TECOed
TECOing
TECOs
TINC
TINLC
TLA
TLAs
TMRC
TMRCie
TMRCies
TMRCs
TMTOWTDI
TWENEX
TWENEXes
TechRef
TechRefs
Telerat
Telerats
Tux
UBD
UBDs
UBE
UBEs
UCE
UCEs
UDP
UDPed
UDPing
UDPs
UTSL
UTSLs
UUCPNET
UUCPNETs
VAXectomies
VAXectomy
VAXen
VAXens
VMS
VMSes
VR
VRs
WAITS
WAITSes
WIBNI
WIBNIs
WOMBAT
WYSIAYG
Weenix
Weenixes
Windoze
Windozes
Wintel
Wintels
XOFF
XOFFs
XON
XONs
XXX
XXXes
YABA
YABAs
YAFIYGI
YAUN
YAUNs
YHBT
YKYBHTLW
Zork
Zorks
adger
adgerred
adgerring
adgers
ambimouseterous
amper
ampers
annoybot
annoybots
annoyware
annoywares
arg
args
astroturfing
astroturfings
attoparsec
attoparsecs
autobogotiphobia
autobogotiphobias
automagically
awk
awked
awking
awks
backreference
backreferences
backronym
backronyms
bagbiter
bagbiterred
bagbiterring
bagbiters
bagbiting
bamf
barfmail
barfmails
barfulation
barfulous
batbelt
batbelts
baz
bazes
bboard
bboards
berklix
berklixes
bignum
bignums
bitblt
bitblts
bixen
bixie
bixies
blammo
blammoed
blammoing
blammos
blargh
blarghs
bletch
bletcherous
blinkenlights
blinkenlightses
blit
blits
blitted
blitter
blitters
blitting
bloatware
bloatwares
blurgle
blurgles
boga
bogometer
bogometers
bogon
bogosities
bogosity
bogotified
bogotifies
bogotify
bogotifying
borken
boxologies
boxology
bozotic
braino
brainos
breedle
breedles
brochureware
brochurewares
broket
brokets
buglix
buglixes
bytesexual
cancelbot
candygrammar
candygrammars
careware
carewares
cdr
cdred
cdring
cdrs
chanop
chanops
charityware
charitywares
chawmp
chawmps
choad
choads
clustergeeking
clustergeekings
codewalker
codewalkers
cokebottle
cokebottles
computron
computrons
copybroke
copycenter
copycenters
copyleft
copylefts
copyparties
copyparty
copywronged
corge
corges
crapplet
crapplets
crlf
crlfs
crudware
crudwares
cruft
crufted
crufties
crufting
crufts
cruftsmanship
cruftsmanships
crufty
cryppie
cryppies
cuspy
cybercrud
cybercruds
cypherpunk
cypherpunks
dahmum
dahmums
dehose
dehosed
dehoses
dehosing
deliminator
deliminators
delint
delinted
delinting
delints
demoeffect
demoeffects
demogroup
demogroups
demoparties
demoparty
demoscene
dentro
depeditate
depeditates
derf
derfed
derfing
derfs
despew
despewed
despewing
despews
dirtball
dirtballs
dispress
dispressed
dispresses
dispressing
disusered
dogcow
dogcows
dogfood
dogfoods
dogpile
dogpiled
dogpiles
dogpiling
dogwash
dogwashed
dogwashes
dogwashing
domainist
dynner
dynners
egosurf
egosurfed
egosurfing
egosurfs
eurodemo
farkled
featurectomies
featurectomy
feep
feeper
feepers
feepped
feepping
feeps
filk
filks
finn
finned
finning
finns
firebottle
firebottles
firmies
firmy
flamage
flamages
flarp
flarps
flypage
flypages
fnord
fnords
fontologies
fontology
foobar
foobars
fred
frednet
frednets
freds
frink
frinked
frinking
frinks
friode
friodes
fritterware
fritterwares
frob
frobbed
frobbing
frobnicate
frobnicated
frobnicates
frobnicating
frobnitz
frobnitzes
frobs
frotz
frotzed
frotzes
frowney
frowneys
fscking
functino
functinos
furrfu
gabriel
gabriels
garplies
garply
gawble
gawbles
gedanken
geef
geeffed
geeffing
geefs
gensym
gensymed
gensyming
gensyms
gilley
gilleys
glark
glarked
glarking
glarks
glassfet
glassfets
glork
glorked
glorking
glorks
gnubie
gnubies
gonkulator
gonkulators
gorets
goretses
grault
graults
greenbar
greenbars
grep
grepped
grepping
greps
grilf
grilfs
gripenet
gripenets
gritch
gritched
gritches
gritching
gronk
gronked
gronking
gronks
gubbish
gubbishes
guiltware
guiltwares
gumbies
gumby
gunch
gunched
gunches
gunching
gurfle
gweep
gweepped
gweepping
gweeps
hackish
hackishes
hackishness
hackishnesses
hackitude
hackitudes
hakspek
hakspeks
handwave
handwaved
handwaves
handwaving
haque
haques
hardcoded
hardwarily
heatseeker
heatseekers
heisenbug
heisenbugs
hexit
hexits
hollised
humma
hungus
initgame
initgames
jolix
jolixes
jupiter
jupiterred
jupiterring
jupiters
kgbvax
kgbvaxes
kiboze
kibozed
kibozes
kibozing
kibozo
kibozos
klone
klones
kremvax
kremvaxes
kyrka
kyrkas
lasherism
lasherisms
lexer
lexers
lexiphage
lexiphages
linearithmic
livelock
livelocks
lossage
lossages
luser
lusers
macdink
macdinked
macdinking
macdinks
machoflops
machoflopses
macrotape
macrotapes
maggotbox
maggotboxes
mandelbug
mandelbugs
manularities
manularity
marketroid
marketroids
meatspace
meatspaces
meatware
meatwares
meeces
meeceses
megapennies
megapenny
memetics
memeticses
menuitis
menuitises
microLenat
microLenats
microReid
microReids
microfortnight
microfortnights
microserf
milliLampson
milliLampsons
misbug
misbugs
miswart
miswarts
mobies
mobo
moby
monties
monty
moria
morias
mouso
mousos
muddie
muddies
mudhead
mudheads
multician
multicians
mumblage
mumblages
munge
munged
munges
munging
nadger
nadgerred
nadgerring
nadgers
nagware
nagwares
nano
nanoacre
nanoacres
nanocomputer
nanocomputers
nanofortnight
nanofortnights
nanos
nastygram
nastygrams
netburp
netburps
netdead
netdeads
nethack
nethacks
netlag
netlags
netnews
netnewses
netrock
netrocks
netsplit
netsplits
newline
newlines
newsfroup
newsfroups
nroff
nroffs
nugries
nugry
ogg
ogged
ogging
oggs
ooblick
ooblicks
overclock
overclocked
overclocking
overclocks
param
params
parm
parms
perf
perves
phreaker
phreakers
playte
plingnet
plingnets
plokta
ploktaed
ploktaing
ploktas
plugh
plughed
plughing
plughs
pnambic
postcardware
postcardwares
prepend
prepended
prepending
prepends
prestidigitization
prestidigitizations
prettyprint
prettyprinted
prettyprinting
prettyprints
progasm
progasms
proggies
proggy
proglet
proglets
pseudoprime
pseudoprimes
pseudosuit
pseudosuits
psychedelicware
psychedelicwares
psyton
psytons
pumpking
pumpkings
quux
quuxes
qux
rasterbation
rasterbations
ravs
ravses
regexp
regexps
rehi
retcon
retconned
retconning
retcons
retrocomputing
retrocomputings
robocanceller
sagan
sagans
salescritter
salescritters
sandbender
sandbenders
scanno
scannos
schroedinbug
schroedinbugs
screwage
screwages
scrool
scrools
scrozzle
scrozzled
scrozzles
scrozzling
scruffies
scruffieses
segfault
segfaults
seggie
seggies
segv
segvs
sharchive
sharchives
shelfware
shelfwares
shitogram
shitograms
shovelware
shovelwares
sitename
sitenames
skrog
skrogged
skrogging
skrogs
slopsucker
slopsuckers
sneakernet
sneakernets
snivitz
snivitzes
softcopies
softcopy
softwarily
spamblock
spamblocks
spamhaus
spamhauses
spamvertize
spamvertized
spamvertizes
spamvertizing
spl
spod
spods
spungle
spungles
squirrelcide
squirrelcides
stiffies
stiffy
strided
stubroutine
stubroutines
studlycaps
studlycapses
superloser
superlosers
superprogrammer
superprogrammers
superuser
superusers
sysadmin
sysadmins
sysape
sysapes
tarball
tarballs
tardegies
tardegy
tayste
taystes
teergrube
teergrubes
teledildonics
teledildonicses
terminak
terminaks
terpri
terpried
terpriing
terpris
thinko
thinkos
toeprint
toeprints
toolsmith
toolsmiths
toor
toors
treeware
treewares
trit
trits
troff
troffs
tty
ttys
tunafish
tunafishes
turist
turists
twonkie
twonkies
unixism
unixisms
unswizzle
unswizzled
unswizzles
unswizzling
upthread
vadding
vaddings
vannevar
vannevars
vaston
vastons
vaxherd
vaxherds
vaxism
vaxisms
vaxocentrism
vaxocentrisms
vdiff
vdiffed
vdiffing
vdiffs
veeblefester
veeblefesters
velveeta
velveetas
verbage
verbages
vgrep
vgrepped
vgrepping
vgreps
vi
vis
wango
wangos
warlording
warlordinged
warlordinging
warlordings
webifies
webify
webmaster
webmasters
wedgitude
wedgitudes
weeble
whalesong
whalesongs
whizzy
wibble
wibbles
windoid
windoids
winkey
winkeys
winnage
winnages
winnitude
winnitudes
wirehead
wireheads
wirewater
wirewaters
wumpus
wumpuses
xor
xref
xreffed
xreffing
xrefs
xyzzy
zipperhead
zipperheads
zorkmid
zorkmids
