ABCs
Anglophil
Arapahoe
Arapahoe's
Ardebil
Athabascan
Athabascan's
Athabascans
Athabaska
Babar
Babar's
Babur
Baroque
Basic
Belorussia
Belorussia's
Benares
Berne
Berne's
Biblical
Black
Black's
Blacks
Boudicca
Brahmanee
Brahmin
Brahmin's
Brahmins
Breughel
Brueghel
Byelorussia
Byelorussia's
Cabinet
Caesarean
Cajan
Castile
Castile's
Celebes
Celebes's
Cesarian
Chanukah
Chanukah's
Chanukahs
Christy
Chungking
Chungking's
Colonial
Cortez
Cortez's
Crusades
Dacca
Dacca's
Decalog
Deutschmark
Deutschmark's
Deutschmarks
Devil
Devil's
Diaz
Diesel
Diesel's
Djakarta
Djakarta's
Dnepr
Dnieper
Dostoyevsky
Dostoyevsky's
Druid
Earth
Earth's
Eldorado
Ericson
Ericsson
Eriksson
Euclidean
Fascism
Fascist
Gaddafi
Gentile
Gentile's
Gentiles
Ghanian
Ghanian's
Ghanians
Gipsies
Gipsy
Gipsy's
Hallowe'en
Hanukah
Hanukah's
Heaven
Heaven's
Heavens
Hejira
Hell
Hell's
Hells
Ijssel
Imam
Ispahan
Joliet
Katmandu
Katmandu's
Kelt
Kelt's
Kelts
Krakatau
Krakatau's
Kurile
Kwangchow
Kwangchow's
Kwanza
Kwanza's
Kwanzas
Köln
Köln's
Labradorian
Luxemburg
Luxemburg's
Mahomet
Mahomet's
Mammon
Mammon's
Mammons
Manaus
Marseille
Meshed
Meshed's
Messrs
Mob
Mohammed
Mohammed's
Mohican
Mohican's
Mohicans
Moslem
Moslem's
Moslems
Nanking
Nanking's
Nankings
Nature
Navaho
Navaho's
Navahoes
Navahos
Naziism
Naziism's
Naziisms
Nikolayev
Noh
Northern
Northern's
Ojibway
Ojibway's
Ojibways
Palau
Parsee
Parsee's
Parsees
Parsi
Parsi's
Parsis
Pekineses
Pigmies
Pigmy
Pigmy's
Place
President
President's
Presidents
Purgatory
Quebecker
Qur'an
Rebecca
Red
Red's
Reds
Romantic
Rugby
Rumania
Rumania's
Rumanian
Rumanian's
Rumanians
Sanaa
Sanaa's
Sauterne
Sauterne's
Scotty
Scout
Senator
Shoshoni
Shoshoni's
Shoshonis
Sian
Sian's
Sister
Sister's
Sisters
Southern
Speaker
Statehouse
Statehouse's
Statehouses
Stateside
Sukkoth
Sukkoth's
Sukkoths
Surabaja
Surinam
Surinam's
Szechuan
Szechuan's
Tadzhikistan
Tadzhikistan's
Tangiers
Tartar
Tartar's
Tartars
Teheran
Teheran's
Territorial
Territory
Tientsin
Tientsin's
Tirana
Tirana's
Tsingtao
Tyrol
Tyrol's
Ulaanbaatar
Ulaanbaatar's
Utahn
Veep
Vergil
Vergil's
Vespers
Visakhapatnam
Wasp
Welch
Yahveh
Yahveh's
Z's
Zeppelin
anapaest
anapaest's
anapaests
annexe
annexe's
antichrist
antichrist's
antichrists
apprize
apprized
apprizes
apprizing
archetypical
audiobook
audiobook's
audiobooks
aureolas
backbencher
backbencher's
backbenchers
banger
bangers
battleaxes
beaux
blether
blethered
blethering
blethers
blub
blubbed
blubbing
blubs
bluejay
bluejay's
bluejays
bolshevik
bolshevik's
bolsheviks
bonemeal
breakeven
breakeven's
cabbies
caddy
caddy's
camelhair
camelhair's
caracul
caracul's
caravanserais
carburetter
carburetter's
carburetters
carburettor
carburettor's
carburettors
carcase
carcases
carrell
carrell's
carrells
cashpoint
cashpoints
cedarwood
chanties
chanty
chanty's
chapeaux
châteaux
ciggies
ciggy
cissies
cissy
citrous
cloverleaves
combinations
coppice
coppice's
coppiced
coppices
coppicing
coverup
coverup's
coverups
crawfish
crawfish's
crawfishes
crossways
cufflink
cufflink's
cufflinks
cyder
cyder's
cyders
cyphered
cyphering
cyphers
dashed
databank
databank's
databanks
deadweight
deadweight's
deadweights
debonaire
detectible
diehard
diehard's
diehards
dingdong
dingdong's
dingdonged
dingdonging
dingdongs
ditziest
djellabahs
dogear
dogear's
dogearing
dogears
dreadnaught
dreadnaught's
dreadnaughts
drouths
edgeways
endwise
escaloped
escaloping
eyrie
eyrie's
facelift
facelift's
facelifts
farfetched
felafels
flashpoint
flashpoint's
flashpoints
franchisor
franchisor's
franchisors
freakout
freakout's
freakouts
frontrunner
frontrunner's
frontrunners
frowsty
furore
furore's
furores
ganglier
gangliest
gangly
girlies
gooseflesh
gooseflesh's
grandaddies
grandaddy
grantor
grantor's
grantors
gums
hadjes
halliard
halliard's
halliards
hardline
harken
harkened
harkening
harkens
healthcare
healthcare's
helpmeet
helpmeet's
helpmeets
hiccough's
highrise
highrise's
highrises
hoagies
homogenous
hooka
hooka's
hookas
hotchpotch
hotdog
hotdog's
hotdogged
hotdogging
hotdogs
hotline
hotline's
hotlines
hotspot
hotspot's
hotspots
houmous
hullo
hullo's
hullos
immoveable
inflight
infold
infolded
infolding
infolds
jello's
jinnis
junky
junky's
kirk
kirk's
kirks
kitbag
kitbag's
kitbags
largesse
largesse's
lavalier
lavalier's
lavaliers
leastways
lengthways
lenten
letch
letches
linctus
liquorice
liquorice's
liquorices
loch
loch's
lochs
longwise
loveseat
loveseat's
loveseats
mamma's
mattins
mattins's
matzoth
metred
metring
mockup
mockup's
mockups
moggies
molluscan's
molluscans
molluskans
moneygrubber
moneygrubber's
moneygrubbers
moneygrubbing
moneygrubbing's
mopy
mynahs
narked
narking
negligé
negligé's
negligés
neurone
neurones
nurseling
nurseling's
olde
overhanded
overspill
overspill's
overspilled
overspilling
overspills
pater
paters
pekinese
pekinese's
pellmell
pernickety
pickaxe
pickaxe's
platys
plexiglass
plexiglass's
podgy
pokey's
pokeys
pollocks
pompon
pompon's
pompons
poncey
poppadum
poppadums
poxy
protozoon
protozoon's
pullup
pullup's
pullups
pushup
pushup's
pushups
putdown
putdown's
putdowns
rainforest
rainforests
razzamatazz
realtor
realtor's
realtors
reflexion
reflexion's
reflexions
ropier
ropiest
roundtable
roundtable's
roundtables
röntgen
röntgens
sauterne
sauterne's
sauternes
sauternes's
savannahs
seigniorial
sequinned
shillalahs
shite
shites
sidewise
situp
situp's
situps
skilful
skinflick
skinflick's
skinflicks
snigger
snigger's
sniggered
sniggering
sniggers
sofabed
sofabed's
sofabeds
soh
soignée
sonofabitch
spinoff
spinoff's
spinoffs
squaddie
squaddies
standup
standup's
staves
stymying
swansdown
swansdown's
swop
swop's
swopped
swopping
swops
synchs
taxonomical
technicolour
teenaged
teensier
teensiest
teensy
torah
torah's
torahs
tradeoff
tradeoff's
tradeoffs
transgender's
turnround
turnrounds
twinight
tzarists
utopian
utopian's
utopians
velours
velours's
vizir
vizir's
vizirs
waterpower
waterpower's
weepie
whodunnits
wonton
wonton's
wontons
yarmelke
yarmelke's
yarmelkes
yuppy
yuppy's
