Abnaki
Abnaki's
Abnakis
Abolitionist
Administration
Ahmedabad
Arbela
Arbil
Archangel
Army
Asmera
Athapaskan
Athapaskan's
Athapaskans
Aurungabad
Bagdad
Bagdad's
Baky
Basle
Basle's
Beduin
Beduin's
Beduins
Beograd
Beograd's
Bisayas
Bisayas's
Brahminism
Brahminism's
Brahminisms
Brugge
Byelarus
Byelarus's
Caesarian
Chaldaea
Chilin
Chinan
Chinchow
Cnut
Colored
Cordova
Cordova's
Crown
Crusade
Crusade's
Cypriote
Cypriote's
Cypriotes
Delawarian
Delawarian's
Diesels
Dryad
Esfahan
Euclidian
Foochow
Glyndwr
Godlike
Gothenburg
Gothenburg's
Haidarabad
Hammurapi
Hangchow
Hangchow's
Heraklion
Hugli
Huhehot
Husain
Hwang
Irbil
JATO
Jedda
Jugoslavia
Jugoslavia's
Jugoslavian
Jugoslavian's
Jugoslavians
Kishinyov
Knut
Koblenz
LOX
LOX's
Lanchou
Lanchou's
Laozi
Laozi's
Linnean
Mogadiscio
Mogadiscio's
Mounty
Myanma
Nabatea
Nabatean
Naiad
Nashik
Nyasaland
Nyasaland's
Pergamus
Quarter
Ralegh
Rameses
Romanoff
Romanoff's
Roumanian
Ruanda
Ruanda's
Sanscrit
Schelde
Secession
Seltzer
Shiah
Shiah's
Shiahs
Shihkiachwang
Suchow
Sunnah
Szechwan
Szechwan's
Tallin
Tatra
Testament
Testament's
Testaments
Tolstoi
Tsinan
Tutankhaten
Tzupo
Urumchi
World
Xantippe
Yahwe
Yahwe's
Zairean
Zairean's
Zaireans
Zambesi
Zaragoza
Zaragoza's
Zetland
Zetland's
absorbant
accessaries
accessary
accidently
adjudgement
aetiologies
agisms
akvavit
akvavits
alamode
alarum
alarums
aliya
ampoul
anomies
anomy
apanage
apanages
argyll
assertor
assuror
atheneum
atheneums
auld
aulder
auldest
babu
babus
bandaid
banderol
bastile
beduin
beldame
beldames
blueblood
bourn
bourns
burked
burking
caeca
caecum
caffein
caffeins
cakey
calices
calix
calker
canteloupe
carrageenin
carrageenins
casette
cassaba
celeste
cellaret
cellarets
cesura
cesurae
challie
chancellory
chaunt
christy
chutnee
cliquy
closeable
cockamamy
codein
codependence
colosseum
concoctor
consigner
consigners
constructer
correctible
corruptor
cotillon
countryfied
courtezan
cowry
crewcut
cryer
cunnilinctus
cunnilinctuses
curari
cyclicly
daishiki
decolletee
dependancy
depictor
doozie
doubletalk
doyley
doyleys
drachm
drachms
dulcimore
durrie
egads
engrained
euclidian
extraversion
facia
faciae
facias
feaze
felspar
felspars
fluidram
fluidrams
forefend
frankforter
frijoles
frowstier
frowstiest
fuzee
fuzees
föhn
föhns
galabia
galabiya
gelts
gemmologist
gerbile
gip
gonadotrophic
gonadotrophin
grandame
gussie
haji
hajis
halbert
hansel
heterogenous
holloware
hollowares
hotchpotches
howe'er
idealogy
idolator
impellor
incase
incumbrance
inhibiter
intreat
jellabah
jetlag
jinnee
junto
juntos
kaoline
kaolines
kaputt
kashmir
kinema
kitchenet
klatsch
laniard
laniards
leucocyte
leucocytes
levis
lichi
lichis
lifecare
likeably
lipide
lipides
lodgement
lodgements
loofa
loofas
lowball
lowballed
lowballing
lowballs
lubricous
lutecium
luteciums
mahjongg
malarky
meou
miladi
mina
minas
mixup
mizen
mizens
mollie
moolah
moolahs
mullen
nonsuch
nonsuches
odalisk
oecumenical
ogrish
oldy
omikron
organophosphorous
orgastic
paillasse
paillasses
paraffine
pattie
pein
pemican
peneplane
penuchi
peyotl
phenobarbitone
phenobarbitones
pilsener
pilseners
pipet
pizzaz
podgier
podgiest
pointilliste
portalled
predacious
premie
premies
prothalmium
rarified
rarifies
rarify
rarifying
rase
rased
rases
rasing
rectilineal
relator
revisor
ricrac
ricracs
samaritan
seignorial
shiatzu
shnook
shwa
shwas
sillabub
sillabubs
spirt
spirted
spirting
spirts
straightlaced
surprize
tabouli
tabour
tabours
tabuli
takeable
templet
templets
tenour
thrustor
thyroxin
thyroxins
tora
towny
tradeable
tressel
trinitrotoluol
turquois
twirp
twirps
unmistakeable
unskilful
untravelled
varment
varments
wabble
wadeable
waterglass
weathervane
weathervanes
weevilly
whiney
widthways
willywaw
woful
wouldest
wysiwyg
ycleped
