Reichstag
abaci
abided
abscissae
acanthi
adieux
ageing
ageratums
airbusses
albedos
alit
alluvia
amebae
amnia
amoebae
amphoras
anecdota
ani
anteed
anthelixes
anthraxes
antihelixes
antisera
anvilled
anvilling
aortae
apices
apparelled
apparelling
aquae
aquaria
arboreta
arcked
arcking
armsful
atriums
auditoria
aurae
aurorae
autobusses
automata
avocadoes
awaked
bacchanalias
backlit
backpedalled
backpedalling
backslidden
bagsful
banditti
banjoes
barrelled
barrelling
bassi
bauds
bayadeers
bayonetted
bayonetting
becudgelled
becudgelling
becurst
bedevilled
bedevilling
bedrivelled
bedrivelling
begirt
benefitted
benefitting
beseeched
bestrid
betted
bevelled
beveller
bevelling
bewrapt
biassed
biassing
bicepses
bided
biennia
bimboes
biogasses
bisons
blent
blest
blueing
bobbysox
bogied
bolsheviki
boneyer
boneyest
bongoes
bonitoes
bowelled
bowelling
bowstrung
broadcasted
brontosauri
buffalos
bureaux
bursas
bursted
bushelled
bushelling
bushgoat
bypast
cablecasted
cactuses
caesurae
calculuses
calfs
calyces
cambia
campanili
canaled
canaling
cancelled
cancelling
candelabrums
caravanned
caravanning
caravanserai
carcinomata
cargos
carolled
carolling
caryatides
caucussed
caucussing
cavilled
cavilling
celli
cerebella
cervixes
chagrinned
chagrinning
chairmanned
chairmanning
chamoix
channelled
channelling
chapelled
chapelling
chapt
charismas
cherubims
chid
chidden
chirrupped
chirrupping
chiselled
chiselling
chorussed
chorussing
chrysalides
cicadae
cicatrixes
clipt
cloacas
clueing
coccyxes
cognomina
colcannon
colloquia
colossuses
combatted
combatting
commandoes
compendia
concerti
conches
condoes
conjunctivae
conquistadores
consortiums
continuums
copulae
corbelled
corbelling
coronae
corpuses
cortexes
counselled
countersank
crania
crenelled
crenelling
crescendi
criterions
croci
crueller
cruellest
crystalled
crystalling
cudgelled
cudgelling
cueing
cumulonimbuses
cupelled
cupelling
cupsful
curriculums
curst
daydreamt
daylit
decalled
decalling
decrescendi
deers
deliria
delphinia
deprogramed
deprograming
desperados
dessertspoonsful
develled
develling
devilled
devilling
diagramed
diagraming
dialled
dialling
dictums
dilettanti
disbowelled
disbowelling
disembowelled
disembowelling
disequilibria
dishevelled
dishevelling
disproven
djinn
dodoes
dogmata
dognapped
dognapping
dominatrixes
dominos
dowelled
dowelling
drachmae
drachmai
dreamt
drivelled
drivelling
duelled
duelling
duodenums
dwarves
dwelled
earthwolf
echos
edemata
effluviums
embowelled
embowelling
empanelled
empanelling
emporia
enamelled
enamelling
encomia
endamebae
endamoebae
enemata
ensorcelled
enuresises
ephemerae
epiglottides
epithelia
epoxyed
equalled
equalling
equilibria
eviller
evillest
executrixes
eyeletted
eyeletting
eying
facetted
facetting
fandangoes
farragos
fasciae
faunae
fellowshiped
fellowshiping
femora
ferrelled
ferrelling
fezes
fibrosarcomata
fibulas
ficuses
fieldstript
fistulae
flagellums
flamingoes
flannelled
flannelling
florae
foci
focussed
focusses
focussing
fora
forbad
forecasted
forehooves
formulae
fortissimi
frescos
frivolled
frivolling
frusta
fuelled
fuelling
fulcra
funguses
funnelled
funnelling
gallowses
gambolled
gambolling
ganglions
gasses
gavelled
gavelling
gazeboes
geckoes
geishas
gelt
genuses
ghettoes
gimballed
gimballing
gingkos
ginkgos
gladioluses
glissandos
glottides
glueing
gnawn
gospelled
gospelling
gossipped
gossipping
gravamina
gravelled
gravelling
greenlit
grottos
grovelled
grovelling
gruelled
gruelling
gymnasia
haloes
handkerchieves
handselled
handselling
handsful
handwrit
hanselled
hanselling
hatchelled
hatchelling
helixes
herniae
heros
hertzes
hewn
hiccupped
hiccupping
hippopotami
hirselled
hirselling
hogtieing
honied
honoraria
hostelled
hostelling
houselled
houselling
hovelled
hovelling
hydrae
hydrothoraces
hyperbolae
hypopharynxes
ibices
impanelled
impanelling
impatienses
imperilled
imperilling
incubi
indices
indigoes
indwelled
initialled
initialling
insetted
intagli
interpled
interregna
interweaved
interwrought
isthmi
jacklit
jejunums
jewelled
jewelling
jigsawn
journalled
journalling
juncoes
kennelled
kennelling
kerchieves
kernelled
kernelling
kiddoes
kidnaped
kidnaping
kielbasy
kilobauds
kilohertzes
kneeled
labelled
labelling
lacunas
laminas
landslidden
larvas
larynxes
lassoes
lateralled
lateralling
laurelled
laurelling
leafletted
leafletting
leant
learnt
lept
levelled
levelling
lexica
libelled
libelling
libretti
lingos
linguines
linguinis
liras
localled
localling
lowlives
loxes
loyaller
loyallest
lymphomata
macaronies
macrameed
macronucleuses
maestri
mafiosos
mangos
manifestoes
mantes
markkas
marshalled
marshalling
marvelled
marvelling
matrixes
mausolea
maxillas
maxima
medalled
medalling
medullae
megafaunae
megahertzes
melanomata
mementoes
memoranda
menhadens
meniscuses
mestizoes
metalled
metalling
metathoraces
miasmata
micra
microbusses
microfaunae
microfiches
microflorae
microfunguses
micronucleuses
midwived
midwiving
milieux
militaries
millennia
minibusses
minima
misbiassed
misbiassing
mischannelled
mischannelling
misdialled
misdialling
misfocussed
misfocusses
misfocussing
misfuelled
misfuelling
mislabelled
mislabelling
mislearnt
mislit
mispled
misprogramed
misprograming
misspelt
misstricken
miswrit
modelled
modelling
mongeese
monopodia
monsignori
moratoria
morselled
morselling
mosquitos
motorbusses
mottos
mowburnt
mown
mulattos
naiades
narcissi
narcissuses
nautili
nebulas
neckerchieves
necropoleis
necropoles
necropoli
neocortexes
nephritises
neuritises
nickelled
nickelling
nimbuses
niseis
nonequilibria
nonplused
nonplusing
nonplusses
nosedove
novelle
novenae
nucleuses
obbligati
octopi
offsprings
omnibusses
outburnt
outcavilled
outcavilling
outchid
outchidden
outdreamt
outduelled
outduelling
outgasses
outgnawn
outlearnt
outrivalled
outrivalling
outshined
outsmelt
outspeeded
outspelt
outstript
outwrit
overburnt
overeying
overfocussed
overfocusses
overfocussing
overgilt
overgirt
overlept
overlit
overpast
overpedalled
overpedalling
overprogramed
overprograming
overspilt
oxymorons
pailsful
palmettoes
panelled
panelling
papyruses
parallelled
parallelling
parameciums
parcelled
parcelling
patinae
pease
peccadillos
pedalled
pedaller
pedalling
pedestalled
pedestalling
pelves
pencilled
pencilling
penes
pericardiums
pericrania
perihelions
perilled
perilling
peritonea
phalluses
pharynxes
philodendra
phloxes
phosphori
pianissimi
piazze
pinkoes
pinones
pintoes
pistolled
pistolling
pizzicatos
placeboes
placentae
planetaria
plateaux
platies
platypi
pled
plusses
podia
politicoes
polyhedra
polyneuritises
pommelled
pommelling
porticos
portmanteaux
precalculuses
precancelled
precancelling
prefocussed
prefocusses
prefocussing
preprogramed
preprograming
prepupas
preshrunken
presidiums
presterna
prewrought
proboscides
procambia
programed
programing
pronucleuses
proscenia
prothoraces
protocolled
protocolling
proven
provisoes
pummelled
pummelling
pupas
quadrennia
quarrelled
quarrelling
quarterstaffs
queueing
quitted
radiolabelled
radiolabelling
radiuses
railbusses
ravelled
ravelling
reales
reawaked
rebroadcasted
rechannelled
rechannelling
reclad
recta
redialled
redialling
redreamt
reeved
referenda
refocussed
refocusses
refocussing
refuelled
refuelling
regilt
reindeers
reis
relabelled
relabelling
relit
remodelled
remodelling
repanelled
repanelling
repled
reprogramed
reprograming
reshaven
respelt
restricken
retinae
retotalled
retotalling
revelled
revelling
revictualled
revictualling
reweaved
rewoken
rewrapt
rhinoceri
rhombi
ricochetted
ricochetting
ridded
ripsawn
rivalled
rivalling
rivetted
rivetting
rogueing
rostra
rowelled
rowelling
rubati
salmonellas
salvoes
sanatoria
sancta
sandalled
sandalling
sanitaria
sarcomata
sarcophaguses
sauted
sawboneses
sawn
scampies
scandalled
scandalling
scapulas
schemas
scherzi
schmos
schrods
scrods
scrotums
semidwarves
sentinelled
sentinelling
septums
sera
seraphim
shaven
shodden
shoed
shoon
shorn
shovelled
shovelling
shrivelled
shrivelling
shrove
signalled
signalling
skydove
skyed
slinked
slyer
slyest
smit
smoothes
snivelled
snivelling
snorkelled
snorkelling
snuck
solariums
soli
sonnetted
sonnetting
sox
spadixes
specced
speccing
spectrums
speeded
spelt
sphinges
spilt
spiralled
spiralling
spoilt
spoonsful
spryer
spryest
squirrelled
squirrelling
staccati
stadia
stencilled
stencilling
sterna
stilettoes
stratums
stript
strived
stuccos
stylopodia
subdeliria
subgenuses
subindices
submaxillas
subminima
substratums
subtotalled
subtotalling
sunburnt
supercargos
superhelixes
superphenomenons
superstratums
supervirtuosi
surplused
surplusing
sweated
swivelled
swivelling
syllabi
symbolled
symbolling
symposia
syngasses
tableaus
tablespoonsful
tabletted
tabletting
talced
talcing
tarantulae
tasselled
tasselling
taxies
taxying
teargasses
teaselled
teaselling
teaspoonsful
teazelled
teazelling
teetotalled
teetotalling
telecasted
tempi
tenderfeet
terminuses
terraria
tetrahedra
thermostated
thermostating
thoraces
threepences
thriven
throve
thunderstricken
thymi
tibias
tieing
tinselled
tinselling
tittupped
tittupping
tobaccoes
togae
tornados
torpedos
torsi
tost
totalled
totalling
towelled
towelling
tracheas
trammelled
trammelling
tranquiller
tranquillest
transfixt
transitted
transitting
trapezia
traumata
travelled
travelling
triceratopses
trichinas
trolleybusses
trousseaus
trowelled
trowelling
trueing
tunnelled
tunnelling
turves
tuxedoes
twingeing
tympana
tyroes
ulnas
ultimata
ultravacua
umbilicuses
umbrae
unbiassed
unblest
underclad
undergirt
underwrought
ungilt
ungirt
unglueing
unkennelled
unkennelling
unlevelled
unlevelling
unravelled
unravelling
unreeved
unshoed
unwrought
urethras
uteruses
uvulae
vacua
vaginas
vertebras
vertices
vertigines
vertigos
viae
vialled
vialling
victualled
victualling
viragos
virtuosi
vitas
vitriolled
vitriolling
volcanos
vortices
vulvas
wainscotted
wainscotting
warwolf
waterbusses
wetted
wharfs
whipsawn
wildfowls
windburnt
worshipped
worshipping
wrapt
wrier
wriest
yeshivoth
yodelled
yodelling
zeroes
zinced
zincing
