algas
alibies
altocumulus
apologiae
aureolae
australs
autobahnen
aweing
ays
bandeaus
bassetted
bassetting
begat
bespake
betrotheds
biasses
blowed
boogying
boraces
bravi
bravoes
bravure
builded
bullshat
buncoes
bunkoes
bys
calypsoes
canoeing
carpuses
centreing
chilis
chillis
condominia
costed
crescendoes
crowfoots
cruces
curias
deads
digged
disci
do's
dryades
dryest
elfs
embargos
emeritas
engraven
enigmata
esophaguses
eyen
eyne
facsimiling
flagstaves
flanes
foeti
forcepses
forcipes
forksful
frapped
frapping
gibbetted
gibbetting
gigahertzes
haikus
halloes
helloes
horseshod
hulloes
iller
illest
imagos
inertiae
intaglioes
jarsful
jugsful
kayoes
kohlrabis
lessest
loca
locoes
lungeing
madames
magmata
mamboes
manservants
metacarpuses
metatarsuses
misbiasses
miscueing
mixt
monseigneurs
oaves
oesophaguses
outbidden
outwrought
overbidden
overborn
parquetted
parquetting
paveed
perineums
personas
platesful
pleuras
pocketsful
premixt
protozoons
pubises
pyloruses
quadriviums
rappeled
rappeling
razeed
readding
rebidden
rebuilded
redded
relearnt
rended
reproven
resewn
residuums
rewinded
rewrought
rigatonis
routeing
rueing
sacksful
sacrums
samurais
sauting
scampis
schnappses
schnapses
schnozzes
scintillae
seguing
seraphims
shinleafs
shortwaveing
shovelsful
sicced
siccing
slueing
soliduses
somerseted
somerseting
stratuses
stymying
teacupsful
testatrixes
thrusted
tiroes
torsoes
tympanies
unlearnt
villae
viseed
viseing
wackoes
weaselled
weaselling
weirdoes
winoes
yesed
yesing
yesses
zincks
