Brittanys
Emmys
Februarys
Januarys
Leonides
Naiades
Nimbys
Oceanides
Omayyades
Ommiades
Pleiades
Reichstag
Senhores
Senores
Tonys
abaci
abductores
abhenrys
abided
abscissae
acanthi
acouchies
acquited
acquiting
adieux
administratrices
agamies
ageing
ageratums
agouties
airbusses
albedos
alit
allantoides
alluvia
alphosises
ambaries
amebae
amnia
amoebae
amphoras
anecdota
ani
anteed
anthelixes
anthraxes
antihelixes
antisera
anvilled
anvilling
aortae
aphides
apices
apparelled
apparelling
aquae
aquaria
arbores
arboreta
arcked
arcking
armsful
arteritides
ascarides
atriums
auditoria
aurae
aurorae
autobusses
automata
avgasses
avocadoes
awaked
bacchanalias
bachs
backlit
backpedalled
backpedalling
backslidden
bagsful
banditti
banjoes
barramundies
barrelled
barrelling
bassi
bauds
bayadeers
bayonetted
bayonetting
becudgelled
becudgelling
becurst
bedevilled
bedevilling
bedrivelled
bedrivelling
begirt
benefitted
benefitting
berobed
beseeched
bestrid
betted
bevelled
beveller
bevelling
bewrapt
bialies
bialys
biassed
biassing
bicepses
bided
biennia
bimboes
biogasses
bisons
blent
blest
blueing
bobbysox
bogied
bolsheviki
boneyer
boneyest
bongoes
bonitoes
bowelled
bowelling
bowstrung
brachs
breveted
breveting
brewskies
brisses
broadcasted
brochs
brontosauri
buffalos
bureaux
bursas
bursted
bushelled
bushelling
bushgoat
buttinskies
bypast
cablecasted
cactuses
caesurae
calamaries
calculuses
calfs
calyces
camasses
cambia
campanili
canaled
canaling
cancelled
cancelling
candelabrums
canterburys
cantharides
caracolled
caracolling
caravanned
caravanning
caravanserai
carbureted
carbureting
carcinomata
carditides
cargos
carolled
carolling
caryatides
caucussed
caucusses
caucussing
caudices
caules
caveated
caveating
cavilled
cavilling
celli
cephalothoraces
cerebella
cervixes
chagrinned
chagrinning
chairmanned
chairmanning
chamoix
channelled
channelling
chapaties
chapatties
chapelled
chapelling
chapt
charismas
chasses
chid
chidden
chirrupped
chirrupping
chiselled
chiselling
chized
chizes
chizing
chorussed
chorusses
chorussing
chrysalides
cicadae
cicatrixes
cleves
clipt
cloacas
clueing
coadjutrices
coccyxes
cocounselled
cocounselling
cognomina
colcannon
colloquia
colossuses
combatted
combatting
commandoes
compendia
complices
concerti
conches
condoes
condores
conjunctivae
conquistadores
consortiums
continuums
cooccuring
copulae
corbelled
corbelling
coronae
corpuses
cortexes
cosses
coulisses
counselled
countersank
crania
credentialled
credentialling
crenelled
crenelling
crescendi
criterions
croci
crueller
cruellest
cruores
crystalled
crystalling
cudgelled
cudgelling
cueing
culices
cumulonimbuses
cupelled
cupelling
cupsful
curriculums
cursores
curst
curveted
curveting
cuspides
cyprides
darcys
daydreamt
daylit
decalled
decalling
decrescendi
deers
defocused
defocusing
defocusses
defuelled
defuelling
degasses
deliria
delphinia
deprogramed
deprograming
desperados
dessertspoonsful
detasselled
detasselling
develled
develling
devilled
devilling
diagramed
diagraming
dialled
dialling
dickys
dictums
dilettanti
directrices
disbowelled
disbowelling
disembowelled
disembowelling
disequilibria
dishevelled
dishevelling
disproven
djinn
dodoes
dogmata
dognapped
dognapping
dominatrixes
dominos
dosses
dowelled
dowelling
drachmae
drachmai
dreamt
drivelled
drivelling
droshkys
droskys
duces
duelled
duelling
duodenums
dwarves
dwelled
earthwolf
ecesises
echos
edemata
effluviums
embowelled
embowelling
empanelled
empanelling
emporia
enamelled
enamelling
encomia
endamebae
endamoebae
enemata
enosises
ensorcelled
ensorcelling
enuresises
ephemerae
ephemerides
epicalyces
epiglottides
epithelia
epoxyed
equalled
equalling
equilibria
esthesises
eviller
evillest
executrixes
eyasses
eyeletted
eyeletting
eying
facetted
facetting
fandangoes
farragos
fasciae
faunae
fellowshiped
fellowshiping
femora
ferrelled
ferrelling
fetiales
fezes
fibrosarcomata
fibulas
fices
ficuses
fieldstript
fistulae
flagellums
flamingoes
flannelled
flannelling
flocced
floccing
florae
foci
focussed
focusses
focussing
fora
forbad
forecasted
forehooves
formulae
fornices
fortissimi
frescos
frivolled
frivolling
frusta
fuelled
fuelling
fulcra
funguses
funnelled
funnelling
furfures
gallowses
gambolled
gambolling
ganglions
gasses
gavelled
gavelling
gazeboes
geckoes
geishas
gelt
genetrices
genuses
gharries
ghazies
ghettoes
gimballed
gimballing
gingelies
gingellies
gingkos
ginkgos
gladioluses
glissandos
glottides
glueing
gnawn
gospelled
gospeller
gospelling
gossipped
gossipping
gouramies
gravamina
gravelled
gravelling
greenlit
grices
grottos
grovelled
grovelling
gruelled
gruelling
gymnasia
haloes
hamadryades
handkerchieves
handselled
handselling
handsful
handwrit
hanselled
hanselling
hatchelled
hatchelling
helixes
helleries
henrys
heretrices
heritrices
herniae
heros
hertzes
hewn
hiccupped
hiccupping
hippopotami
hirselled
hirselling
hocused
hocusing
hocusses
hogtieing
honied
honoraria
hosses
hostelled
hostelling
houselled
houselling
hovelled
hovelling
huipiles
huswives
hydrae
hydrothoraces
hyperbolae
hypopharynxes
hyraces
ibices
ilices
impanelled
impanelling
impatienses
imperilled
imperilling
impies
imshies
incubi
indices
indigoes
indwelled
inheritrices
initialled
initialling
insetted
intagli
interlocutrices
interpled
interregna
interweaved
interwrought
isthmi
jacales
jacklit
jejunums
jewelled
jewelling
jigsawn
journalled
journalling
juncoes
kauries
keeves
kennelled
kennelling
kenosises
kerchieves
kermesses
kernelled
kernelling
kiddoes
kidnaped
kidnaping
kielbasy
kilobauds
kilohertzes
kneeled
kosses
koumisses
krised
krising
krisses
kurtosises
kvasses
labelled
labelling
lacunas
laminas
landslidden
larvas
larynxes
lassoes
lateralled
lateralling
laurelled
laurelling
leafletted
leafletting
leant
learnt
lemures
lept
les
leudes
levatores
levelled
levelling
lexica
lezes
libelled
libelling
libretti
lingos
linguines
linguinis
liras
localled
localling
looves
lowlives
loyaller
loyallest
luces
lymphomata
macaronies
machs
macrameed
macronucleuses
maenades
maestri
mafiosos
mameyes
mangos
manifestoes
mantes
markkas
marshalled
marshalling
marvelled
marvelling
matrixes
mausolea
maxillas
maxima
medalled
medalling
mediatrices
medullae
megafaunae
megahertzes
melanomata
mementoes
memoranda
menhadens
meniscuses
mesothoraces
mestizoes
metalled
metalling
metathoraces
miasmata
micra
microbusses
microfaunae
microfiches
microflorae
microfunguses
microluces
micronucleuses
midwived
midwiving
milieux
militaries
millennia
millihenrys
milliluces
mimesises
minibusses
minima
misbelieves
misbiassed
misbiassing
mischannelled
mischannelling
misdialled
misdialling
misfocussed
misfocusses
misfocussing
misfuelled
misfuelling
mislabelled
mislabelling
mislearnt
mislit
mispled
misprogramed
misprograming
misspelt
misstricken
miswrit
modelled
modelling
monades
mongeese
monogramed
monograming
monopodia
monsignori
moratoria
morselled
morselling
mosquitos
motleyer
motleyest
motorbusses
mottos
mowburnt
mown
mulattos
murices
naiades
nancys
narcissi
narcissuses
nautili
nebulas
neckerchieves
necropoleis
necropoles
necropoli
neives
neocortexes
nephritises
nereides
neuritises
neurohypophysises
neves
nickelled
nickelling
nieves
nimbuses
niseis
noesises
nonequilibria
nonplused
nonplusing
nonplusses
nosedove
novelle
novenae
noyes
nucleuses
obbligati
oceanides
octopi
octopodes
offsprings
omnibusses
orachs
oratrices
oreades
osteosises
ostosises
outburnt
outcavilled
outcavilling
outchid
outchidden
outdreamt
outduelled
outduelling
outgasses
outgeneralled
outgeneralling
outgnawn
outlearnt
outrivalled
outrivalling
outshined
outsmelt
outspeeded
outspelt
outstript
outwrit
overburnt
overed
overeying
overfocussed
overfocusses
overfocussing
overgilt
overgirt
overlept
overlit
overpast
overpedalled
overpedalling
overprogramed
overprograming
overspilt
oxymorons
oyesses
pailsful
palmettoes
panelled
panelling
papyruses
paradores
parallelled
parallelling
parameciums
parcelled
parcelling
pargeted
pargeting
patchoulies
patinae
pavisses
pease
peccadillos
pedalled
pedaller
pedalling
pedes
pedestalled
pedestalling
pelves
pencilled
pencilling
penes
pericardiums
pericrania
perihelions
perilled
perilling
peritonea
petnaping
phalluses
pharynxes
philodendra
phizes
phloxes
phosphori
photostated
photostating
phylesises
pianissimi
piazze
picadores
pinkoes
pinones
pintoes
pistolled
pistolling
pizzazes
pizzicatos
placeboes
placentae
planetaria
plateaux
platies
platypi
pled
pleiades
plusses
pneumothoraces
podia
politicoes
polyhedra
polyneuritises
polys
pommelled
pommelling
pooves
porticos
portmanteaux
precalculuses
precancelled
precancelling
prefocussed
prefocusses
prefocussing
preprogramed
preprograming
prepupas
preshrunken
presidiums
presterna
prewrought
preyer
proboscides
procambia
proglottides
programed
programing
pronatores
pronucleuses
proscenia
prosecutrices
prosses
prothoraces
protocolled
protocolling
proven
provisoes
prys
pseudomonades
pummelled
pummelling
pupas
pyramides
pyrosises
quadrennia
quaichs
quarrelled
quarrelling
quarterstaffs
quetzales
queueing
quezales
quitted
quizes
rabbies
radices
radiolabelled
radiolabelling
radiuses
railbusses
rasses
ravelled
ravelling
reales
reawaked
rebroadcasted
rechannelled
rechannelling
reclad
recta
redialled
redialling
redreamt
reeved
refed
referenda
refocussed
refocusses
refocussing
refuelled
refuelling
regilt
reindeers
reis
reives
relabelled
relabelling
relit
remodelled
remodelling
repanelled
repanelling
repled
reprogramed
reprograming
reshaven
respelt
restricken
retinae
retotalled
retotalling
revelled
revelling
revictualled
revictualling
reweaved
rewoken
rewrapt
rhinoceri
rhombi
rhomboides
ricochetted
ricochetting
ridded
ripsawn
rivalled
rivalling
rivetted
rivetting
rogueing
rostra
rotatores
rowelled
rowelling
rubati
russeting
salmagundies
salmonellas
salvoes
sanatoria
sancta
sandalled
sandalling
sanitaria
sarcomata
sarcophaguses
sauted
sawboneses
sawn
scampies
scandalled
scandalling
scapulas
schemas
scherzi
schmos
schrods
scrods
scrotums
semidwarves
senhores
senores
sentinelled
sentinelling
septums
sera
seraphim
shaven
shindys
shodden
shoed
shoon
shorn
shovelled
shovelling
shrivelled
shrivelling
shrove
sices
signalled
signalling
simplices
sisses
sjamboked
sjamboking
skydove
skyed
slinked
slyer
slyest
smit
smoothes
snivelled
snivelling
snorkelled
snorkelling
snuck
solariums
soli
sonnetted
sonnetting
sordes
sorosises
sox
spadixes
spancelled
spancelling
specced
speccing
spectrums
speeded
spelt
sphinges
spilt
spiralled
spiralling
spoilt
spoonsful
spryer
spryest
squirrelled
squirrelling
staccati
stadia
stencilled
stencilling
sterna
stilettoes
stomatitides
stratums
stript
strived
stuccos
stylopodia
subdeliria
subgenuses
subindices
submaxillas
subminima
substratums
subtotalled
subtotalling
sulfureted
sulfureting
sunburnt
supercargos
superhelixes
superphenomenons
superstratums
supervirtuosi
surplused
surplusing
swamies
sweated
swivelled
swivelling
syllabi
symbolled
symbolling
symposia
syndesises
synesises
syngasses
tableaus
tablespoonsful
tabletted
tabletting
taces
tachs
talced
talcing
tarantasses
tarantulae
tasselled
tasselling
taxies
taxying
teargasses
teaselled
teaselling
teaspoonsful
teazelled
teazelling
teetotalled
teetotalling
telecasted
tellys
telneted
telneting
temblores
tempi
tenderfeet
terminuses
terraria
tetrahedra
thermostated
thermostating
thoraces
threepences
thriven
throve
thunderstricken
thymi
tibias
ticced
ticcing
tieing
tinselled
tinselling
tittupped
tittupping
tobaccoes
togae
toged
tornados
torpedos
torsi
tortrices
tost
totalled
totalling
towelled
towelling
tracheas
traditores
tramelled
tramelling
trammelled
trammelling
tranquiller
tranquillest
transfixt
transitted
transitting
trapezia
traumata
travelled
traveller
travelling
triceratopses
trichinas
trilbys
trolleybusses
trousseaus
trowelled
trowelling
trueing
tunnelled
tunnelling
turves
tutties
tuxedoes
twingeing
tympana
tyroes
ulnas
ultimata
ultravacua
umbilicuses
umbrae
unbelieves
unbiassed
unblest
underclad
undergirt
underwrought
ungilt
ungirt
unglueing
unkennelled
unkennelling
unlevelled
unlevelling
unravelled
unravelling
unreeved
unshoed
unspared
unstriped
untilled
unwrought
urethras
uteruses
uveitides
uvulae
vacua
vaginas
vertebras
vertices
vertigines
vertigos
viae
vialled
vialling
viatores
victualled
victualling
viragos
virtuosi
vitas
vitriolled
vitriolling
volcanos
vortices
vulvas
wadies
wainscotted
wainscotting
walies
warwolf
waterbusses
wetted
whipsawn
wildfowls
windburnt
wisses
worshipped
worshipping
wrapt
wrier
wriest
yeshivoth
yodelled
yodelling
zemindaries
zeroes
zinced
zincing
zlotys
